Archive member included to satisfy reference by file (symbol)

/opt/st/stm32cubeide_1.13.0/plugins/com.st.stm32cube.ide.mcu.externaltools.gnu-tools-for-stm32.11.3.rel1.linux64_1.1.0.202305231506/tools/bin/../lib/gcc/arm-none-eabi/11.3.1/../../../../arm-none-eabi/lib/thumb/v7e-m+fp/hard/libc_nano.a(libc_a-exit.o)
                              /opt/st/stm32cubeide_1.13.0/plugins/com.st.stm32cube.ide.mcu.externaltools.gnu-tools-for-stm32.11.3.rel1.linux64_1.1.0.202305231506/tools/bin/../lib/gcc/arm-none-eabi/11.3.1/../../../../arm-none-eabi/lib/thumb/v7e-m+fp/hard/crt0.o (exit)
/opt/st/stm32cubeide_1.13.0/plugins/com.st.stm32cube.ide.mcu.externaltools.gnu-tools-for-stm32.11.3.rel1.linux64_1.1.0.202305231506/tools/bin/../lib/gcc/arm-none-eabi/11.3.1/../../../../arm-none-eabi/lib/thumb/v7e-m+fp/hard/libc_nano.a(libc_a-findfp.o)
                              /opt/st/stm32cubeide_1.13.0/plugins/com.st.stm32cube.ide.mcu.externaltools.gnu-tools-for-stm32.11.3.rel1.linux64_1.1.0.202305231506/tools/bin/../lib/gcc/arm-none-eabi/11.3.1/../../../../arm-none-eabi/lib/thumb/v7e-m+fp/hard/libc_nano.a(libc_a-exit.o) (__stdio_exit_handler)
/opt/st/stm32cubeide_1.13.0/plugins/com.st.stm32cube.ide.mcu.externaltools.gnu-tools-for-stm32.11.3.rel1.linux64_1.1.0.202305231506/tools/bin/../lib/gcc/arm-none-eabi/11.3.1/../../../../arm-none-eabi/lib/thumb/v7e-m+fp/hard/libc_nano.a(libc_a-fwalk.o)
                              /opt/st/stm32cubeide_1.13.0/plugins/com.st.stm32cube.ide.mcu.externaltools.gnu-tools-for-stm32.11.3.rel1.linux64_1.1.0.202305231506/tools/bin/../lib/gcc/arm-none-eabi/11.3.1/../../../../arm-none-eabi/lib/thumb/v7e-m+fp/hard/libc_nano.a(libc_a-findfp.o) (_fwalk_sglue)
/opt/st/stm32cubeide_1.13.0/plugins/com.st.stm32cube.ide.mcu.externaltools.gnu-tools-for-stm32.11.3.rel1.linux64_1.1.0.202305231506/tools/bin/../lib/gcc/arm-none-eabi/11.3.1/../../../../arm-none-eabi/lib/thumb/v7e-m+fp/hard/libc_nano.a(libc_a-stdio.o)
                              /opt/st/stm32cubeide_1.13.0/plugins/com.st.stm32cube.ide.mcu.externaltools.gnu-tools-for-stm32.11.3.rel1.linux64_1.1.0.202305231506/tools/bin/../lib/gcc/arm-none-eabi/11.3.1/../../../../arm-none-eabi/lib/thumb/v7e-m+fp/hard/libc_nano.a(libc_a-findfp.o) (__sread)
/opt/st/stm32cubeide_1.13.0/plugins/com.st.stm32cube.ide.mcu.externaltools.gnu-tools-for-stm32.11.3.rel1.linux64_1.1.0.202305231506/tools/bin/../lib/gcc/arm-none-eabi/11.3.1/../../../../arm-none-eabi/lib/thumb/v7e-m+fp/hard/libc_nano.a(libc_a-memset.o)
                              /opt/st/stm32cubeide_1.13.0/plugins/com.st.stm32cube.ide.mcu.externaltools.gnu-tools-for-stm32.11.3.rel1.linux64_1.1.0.202305231506/tools/bin/../lib/gcc/arm-none-eabi/11.3.1/../../../../arm-none-eabi/lib/thumb/v7e-m+fp/hard/crt0.o (memset)
/opt/st/stm32cubeide_1.13.0/plugins/com.st.stm32cube.ide.mcu.externaltools.gnu-tools-for-stm32.11.3.rel1.linux64_1.1.0.202305231506/tools/bin/../lib/gcc/arm-none-eabi/11.3.1/../../../../arm-none-eabi/lib/thumb/v7e-m+fp/hard/libc_nano.a(libc_a-closer.o)
                              /opt/st/stm32cubeide_1.13.0/plugins/com.st.stm32cube.ide.mcu.externaltools.gnu-tools-for-stm32.11.3.rel1.linux64_1.1.0.202305231506/tools/bin/../lib/gcc/arm-none-eabi/11.3.1/../../../../arm-none-eabi/lib/thumb/v7e-m+fp/hard/libc_nano.a(libc_a-stdio.o) (_close_r)
/opt/st/stm32cubeide_1.13.0/plugins/com.st.stm32cube.ide.mcu.externaltools.gnu-tools-for-stm32.11.3.rel1.linux64_1.1.0.202305231506/tools/bin/../lib/gcc/arm-none-eabi/11.3.1/../../../../arm-none-eabi/lib/thumb/v7e-m+fp/hard/libc_nano.a(libc_a-reent.o)
                              /opt/st/stm32cubeide_1.13.0/plugins/com.st.stm32cube.ide.mcu.externaltools.gnu-tools-for-stm32.11.3.rel1.linux64_1.1.0.202305231506/tools/bin/../lib/gcc/arm-none-eabi/11.3.1/../../../../arm-none-eabi/lib/thumb/v7e-m+fp/hard/libc_nano.a(libc_a-closer.o) (errno)
/opt/st/stm32cubeide_1.13.0/plugins/com.st.stm32cube.ide.mcu.externaltools.gnu-tools-for-stm32.11.3.rel1.linux64_1.1.0.202305231506/tools/bin/../lib/gcc/arm-none-eabi/11.3.1/../../../../arm-none-eabi/lib/thumb/v7e-m+fp/hard/libc_nano.a(libc_a-impure.o)
                              /opt/st/stm32cubeide_1.13.0/plugins/com.st.stm32cube.ide.mcu.externaltools.gnu-tools-for-stm32.11.3.rel1.linux64_1.1.0.202305231506/tools/bin/../lib/gcc/arm-none-eabi/11.3.1/../../../../arm-none-eabi/lib/thumb/v7e-m+fp/hard/libc_nano.a(libc_a-reent.o) (_impure_ptr)
/opt/st/stm32cubeide_1.13.0/plugins/com.st.stm32cube.ide.mcu.externaltools.gnu-tools-for-stm32.11.3.rel1.linux64_1.1.0.202305231506/tools/bin/../lib/gcc/arm-none-eabi/11.3.1/../../../../arm-none-eabi/lib/thumb/v7e-m+fp/hard/libc_nano.a(libc_a-lseekr.o)
                              /opt/st/stm32cubeide_1.13.0/plugins/com.st.stm32cube.ide.mcu.externaltools.gnu-tools-for-stm32.11.3.rel1.linux64_1.1.0.202305231506/tools/bin/../lib/gcc/arm-none-eabi/11.3.1/../../../../arm-none-eabi/lib/thumb/v7e-m+fp/hard/libc_nano.a(libc_a-stdio.o) (_lseek_r)
[...]
Memory Configuration

Name             Origin             Length             Attributes
RAM              0x0000000020000000 0x0000000000010000 xrw
FLASH            0x0000000008000000 0x0000000000040000 xr
*default*        0x0000000000000000 0xffffffffffffffff

Linker script and memory map

LOAD /opt/st/stm32cubeide_1.13.0/plugins/com.st.stm32cube.ide.mcu.externaltools.gnu-tools-for-stm32.11.3.rel1.linux64_1.1.0.202305231506/tools/bin/../lib/gcc/arm-none-eabi/11.3.1/thumb/v7e-m+fp/hard/crti.o
LOAD /opt/st/stm32cubeide_1.13.0/plugins/com.st.stm32cube.ide.mcu.externaltools.gnu-tools-for-stm32.11.3.rel1.linux64_1.1.0.202305231506/tools/bin/../lib/gcc/arm-none-eabi/11.3.1/thumb/v7e-m+fp/hard/crtbegin.o
LOAD /opt/st/stm32cubeide_1.13.0/plugins/com.st.stm32cube.ide.mcu.externaltools.gnu-tools-for-stm32.11.3.rel1.linux64_1.1.0.202305231506/tools/bin/../lib/gcc/arm-none-eabi/11.3.1/../../../../arm-none-eabi/lib/thumb/v7e-m+fp/hard/crt0.o
LOAD ./Core/Src/dma.o
LOAD ./Core/Src/gpio.o
LOAD ./Core/Src/main.o
LOAD ./Core/Src/stm32f4xx_hal_msp.o
LOAD ./Core/Src/stm32f4xx_it.o
LOAD ./Core/Src/syscalls.o
LOAD ./Core/Src/sysmem.o
LOAD ./Core/Src/system_stm32f4xx.o
LOAD ./Core/Src/usart.o
LOAD ./Core/Startup/startup_stm32f401ccux.o
LOAD ./Core/Usr/lora.o
LOAD ./Drivers/STM32F4xx_HAL_Driver/Src/stm32f4xx_hal.o
LOAD ./Drivers/STM32F4xx_HAL_Driver/Src/stm32f4xx_hal_cortex.o
LOAD ./Drivers/STM32F4xx_HAL_Driver/Src/stm32f4xx_hal_dma.o
LOAD ./Drivers/STM32F4xx_HAL_Driver/Src/stm32f4xx_hal_dma_ex.o
LOAD ./Drivers/STM32F4xx_HAL_Driver/Src/stm32f4xx_hal_exti.o
LOAD ./Drivers/STM32F4xx_HAL_Driver/Src/stm32f4xx_hal_flash.o
LOAD ./Drivers/STM32F4xx_HAL_Driver/Src/stm32f4xx_hal_flash_ex.o
LOAD ./Drivers/STM32F4xx_HAL_Driver/Src/stm32f4xx_hal_flash_ramfunc.o
LOAD ./Drivers/STM32F4xx_HAL_Driver/Src/stm32f4xx_hal_gpio.o
LOAD ./Drivers/STM32F4xx_HAL_Driver/Src/stm32f4xx_hal_pwr.o
LOAD ./Drivers/STM32F4xx_HAL_Driver/Src/stm32f4xx_hal_pwr_ex.o
LOAD ./Drivers/STM32F4xx_HAL_Driver/Src/stm32f4xx_hal_rcc.o
LOAD ./Drivers/STM32F4xx_HAL_Driver/Src/stm32f4xx_hal_rcc_ex.o
LOAD ./Drivers/STM32F4xx_HAL_Driver/Src/stm32f4xx_hal_tim.o
LOAD ./Drivers/STM32F4xx_HAL_Driver/Src/stm32f4xx_hal_tim_ex.o
LOAD ./Drivers/STM32F4xx_HAL_Driver/Src/stm32f4xx_hal_uart.o
START GROUP
LOAD /opt/st/stm32cubeide_1.13.0/plugins/com.st.stm32cube.ide.mcu.externaltools.gnu-tools-for-stm32.11.3.rel1.linux64_1.1.0.202305231506/tools/bin/../lib/gcc/arm-none-eabi/11.3.1/../../../../arm-none-eabi/lib/thumb/v7e-m+fp/hard/libc_nano.a
LOAD /opt/st/stm32cubeide_1.13.0/plugins/com.st.stm32cube.ide.mcu.externaltools.gnu-tools-for-stm32.11.3.rel1.linux64_1.1.0.202305231506/tools/bin/../lib/gcc/arm-none-eabi/11.3.1/../../../../arm-none-eabi/lib/thumb/v7e-m+fp/hard/libm.a
END GROUP
START GROUP
LOAD /opt/st/stm32cubeide_1.13.0/plugins/com.st.stm32cube.ide.mcu.externaltools.gnu-tools-for-stm32.11.3.rel1.linux64_1.1.0.202305231506/tools/bin/../lib/gcc/arm-none-eabi/11.3.1/thumb/v7e-m+fp/hard/libgcc.a
LOAD /opt/st/stm32cubeide_1.13.0/plugins/com.st.stm32cube.ide.mcu.externaltools.gnu-tools-for-stm32.11.3.rel1.linux64_1.1.0.202305231506/tools/bin/../lib/gcc/arm-none-eabi/11.3.1/../../../../arm-none-eabi/lib/thumb/v7e-m+fp/hard/libc_nano.a
END GROUP
START GROUP
LOAD /opt/st/stm32cubeide_1.13.0/plugins/com.st.stm32cube.ide.mcu.externaltools.gnu-tools-for-stm32.11.3.rel1.linux64_1.1.0.202305231506/tools/bin/../lib/gcc/arm-none-eabi/11.3.1/thumb/v7e-m+fp/hard/libgcc.a
LOAD /opt/st/stm32cubeide_1.13.0/plugins/com.st.stm32cube.ide.mcu.externaltools.gnu-tools-for-stm32.11.3.rel1.linux64_1.1.0.202305231506/tools/bin/../lib/gcc/arm-none-eabi/11.3.1/../../../../arm-none-eabi/lib/thumb/v7e-m+fp/hard/libc_nano.a
LOAD /opt/st/stm32cubeide_1.13.0/plugins/com.st.stm32cube.ide.mcu.externaltools.gnu-tools-for-stm32.11.3.rel1.linux64_1.1.0.202305231506/tools/bin/../lib/gcc/arm-none-eabi/11.3.1/../../../../arm-none-eabi/lib/thumb/v7e-m+fp/hard/libnosys.a
END GROUP
START GROUP
LOAD /opt/st/stm32cubeide_1.13.0/plugins/com.st.stm32cube.ide.mcu.externaltools.gnu-tools-for-stm32.11.3.rel1.linux64_1.1.0.202305231506/tools/bin/../lib/gcc/arm-none-eabi/11.3.1/thumb/v7e-m+fp/hard/libgcc.a
LOAD /opt/st/stm32cubeide_1.13.0/plugins/com.st.stm32cube.ide.mcu.externaltools.gnu-tools-for-stm32.11.3.rel1.linux64_1.1.0.202305231506/tools/bin/../lib/gcc/arm-none-eabi/11.3.1/../../../../arm-none-eabi/lib/thumb/v7e-m+fp/hard/libc_nano.a
LOAD /opt/st/stm32cubeide_1.13.0/plugins/com.st.stm32cube.ide.mcu.externaltools.gnu-tools-for-stm32.11.3.rel1.linux64_1.1.0.202305231506/tools/bin/../lib/gcc/arm-none-eabi/11.3.1/../../../../arm-none-eabi/lib/thumb/v7e-m+fp/hard/libnosys.a
END GROUP
LOAD /opt/st/stm32cubeide_1.13.0/plugins/com.st.stm32cube.ide.mcu.externaltools.gnu-tools-for-stm32.11.3.rel1.linux64_1.1.0.202305231506/tools/bin/../lib/gcc/arm-none-eabi/11.3.1/thumb/v7e-m+fp/hard/crtend.o
LOAD /opt/st/stm32cubeide_1.13.0/plugins/com.st.stm32cube.ide.mcu.externaltools.gnu-tools-for-stm32.11.3.rel1.linux64_1.1.0.202305231506/tools/bin/../lib/gcc/arm-none-eabi/11.3.1/thumb/v7e-m+fp/hard/crtn.o
                0x0000000020010000                _estack = (ORIGIN (RAM) + LENGTH (RAM))
                0x0000000000000200                _Min_Heap_Size = 0x200
                0x0000000000000400                _Min_Stack_Size = 0x400

.isr_vector     0x0000000008000000      0x194
                0x0000000008000000                . = ALIGN (0x4)
 *(.isr_vector)
 .isr_vector    0x0000000008000000      0x194 ./Core/Startup/startup_stm32f401ccux.o
                0x0000000008000000                g_pfnVectors
                0x0000000008000194                . = ALIGN (0x4)

.text           0x0000000008000194     0x3bb0
                0x0000000008000194                . = ALIGN (0x4)
 *(.text)
 .text          0x0000000008000194       0x40 /opt/st/stm32cubeide_1.13.0/plugins/com.st.stm32cube.ide.mcu.externaltools.gnu-tools-for-stm32.11.3.rel1.linux64_1.1.0.202305231506/tools/bin/../lib/gcc/arm-none-eabi/11.3.1/thumb/v7e-m+fp/hard/crtbegin.o
 .text          0x00000000080001d4       0x30 /opt/st/stm32cubeide_1.13.0/plugins/com.st.stm32cube.ide.mcu.externaltools.gnu-tools-for-stm32.11.3.rel1.linux64_1.1.0.202305231506/tools/bin/../lib/gcc/arm-none-eabi/11.3.1/thumb/v7e-m+fp/hard/libgcc.a(_aeabi_uldivmod.o)
                0x00000000080001d4                __aeabi_uldivmod
 .text          0x0000000008000204      0x2c8 /opt/st/stm32cubeide_1.13.0/plugins/com.st.stm32cube.ide.mcu.externaltools.gnu-tools-for-stm32.11.3.rel1.linux64_1.1.0.202305231506/tools/bin/../lib/gcc/arm-none-eabi/11.3.1/thumb/v7e-m+fp/hard/libgcc.a(_udivmoddi4.o)
                0x0000000008000204                __udivmoddi4
 .text          0x00000000080004cc        0x4 /opt/st/stm32cubeide_1.13.0/plugins/com.st.stm32cube.ide.mcu.externaltools.gnu-tools-for-stm32.11.3.rel1.linux64_1.1.0.202305231506/tools/bin/../lib/gcc/arm-none-eabi/11.3.1/thumb/v7e-m+fp/hard/libgcc.a(_dvmd_tls.o)
                0x00000000080004cc                __aeabi_ldiv0
                0x00000000080004cc                __aeabi_idiv0
 *(.text*)
 .text.MX_DMA_Init
                0x00000000080004d0       0x50 ./Core/Src/dma.o
                0x00000000080004d0                MX_DMA_Init
 .text.MX_GPIO_Init
                0x0000000008000520       0xec ./Core/Src/gpio.o
                0x0000000008000520                MX_GPIO_Init
 .text.main     0x000000000800060c       0x3c ./Core/Src/main.o
                0x000000000800060c                main
 .text.SystemClock_Config
                0x0000000008000648       0xd4 ./Core/Src/main.o
                0x0000000008000648                SystemClock_Config
 .text.HAL_UART_RxHalfCpltCallback
                0x000000000800071c       0x28 ./Core/Src/main.o
                0x000000000800071c                HAL_UART_RxHalfCpltCallback
 .text.Error_Handler
                0x0000000008000744        0xa ./Core/Src/main.o
                0x0000000008000744                Error_Handler
 *fill*         0x000000000800074e        0x2 
 .text.HAL_MspInit
                0x0000000008000750       0x50 ./Core/Src/stm32f4xx_hal_msp.o
                0x0000000008000750                HAL_MspInit
 .text.NMI_Handler
                0x00000000080007a0        0x6 ./Core/Src/stm32f4xx_it.o
                0x00000000080007a0                NMI_Handler
 .text.HardFault_Handler
                0x00000000080007a6        0x6 ./Core/Src/stm32f4xx_it.o
                0x00000000080007a6                HardFault_Handler
 .text.MemManage_Handler
                0x00000000080007ac        0x6 ./Core/Src/stm32f4xx_it.o
                0x00000000080007ac                MemManage_Handler
 .text.BusFault_Handler
                0x00000000080007b2        0x6 ./Core/Src/stm32f4xx_it.o
                0x00000000080007b2                BusFault_Handler
 .text.UsageFault_Handler
                0x00000000080007b8        0x6 ./Core/Src/stm32f4xx_it.o
                0x00000000080007b8                UsageFault_Handler
 .text.SVC_Handler
                0x00000000080007be        0xe ./Core/Src/stm32f4xx_it.o
                0x00000000080007be                SVC_Handler
 .text.DebugMon_Handler
                0x00000000080007cc        0xe ./Core/Src/stm32f4xx_it.o
                0x00000000080007cc                DebugMon_Handler
 .text.PendSV_Handler
                0x00000000080007da        0xe ./Core/Src/stm32f4xx_it.o
                0x00000000080007da                PendSV_Handler
 .text.SysTick_Handler
                0x00000000080007e8        0xc ./Core/Src/stm32f4xx_it.o
                0x00000000080007e8                SysTick_Handler
 .text.USART1_IRQHandler
                0x00000000080007f4       0x14 ./Core/Src/stm32f4xx_it.o
                0x00000000080007f4                USART1_IRQHandler
 .text.DMA2_Stream2_IRQHandler
                0x0000000008000808       0x14 ./Core/Src/stm32f4xx_it.o
                0x0000000008000808                DMA2_Stream2_IRQHandler
 .text.DMA2_Stream7_IRQHandler
                0x000000000800081c       0x14 ./Core/Src/stm32f4xx_it.o
                0x000000000800081c                DMA2_Stream7_IRQHandler
 .text.SystemInit
                0x0000000008000830       0x24 ./Core/Src/system_stm32f4xx.o
                0x0000000008000830                SystemInit
 .text.MX_USART1_UART_Init
                0x0000000008000854       0x54 ./Core/Src/usart.o
                0x0000000008000854                MX_USART1_UART_Init
 .text.HAL_UART_MspInit
                0x00000000080008a8      0x16c ./Core/Src/usart.o
                0x00000000080008a8                HAL_UART_MspInit
 .text.Reset_Handler
                0x0000000008000a14       0x50 ./Core/Startup/startup_stm32f401ccux.o
                0x0000000008000a14                Reset_Handler
 .text.Default_Handler
                0x0000000008000a64        0x2 ./Core/Startup/startup_stm32f401ccux.o
                0x0000000008000a64                RTC_Alarm_IRQHandler
                0x0000000008000a64                EXTI2_IRQHandler
                0x0000000008000a64                SPI4_IRQHandler
                0x0000000008000a64                TIM1_CC_IRQHandler
                0x0000000008000a64                DMA2_Stream5_IRQHandler
                0x0000000008000a64                DMA1_Stream5_IRQHandler
                0x0000000008000a64                PVD_IRQHandler
                0x0000000008000a64                SDIO_IRQHandler
                0x0000000008000a64                TAMP_STAMP_IRQHandler
                0x0000000008000a64                EXTI3_IRQHandler
                0x0000000008000a64                TIM1_UP_TIM10_IRQHandler
                0x0000000008000a64                I2C3_ER_IRQHandler
                0x0000000008000a64                EXTI0_IRQHandler
                0x0000000008000a64                I2C2_EV_IRQHandler
                0x0000000008000a64                DMA1_Stream2_IRQHandler
                0x0000000008000a64                FPU_IRQHandler
                0x0000000008000a64                SPI1_IRQHandler
                0x0000000008000a64                TIM1_BRK_TIM9_IRQHandler
                0x0000000008000a64                DMA2_Stream3_IRQHandler
                0x0000000008000a64                USART6_IRQHandler
                0x0000000008000a64                DMA2_Stream0_IRQHandler
                0x0000000008000a64                TIM4_IRQHandler
                0x0000000008000a64                I2C1_EV_IRQHandler
                0x0000000008000a64                DMA1_Stream6_IRQHandler
                0x0000000008000a64                DMA1_Stream1_IRQHandler
                0x0000000008000a64                TIM3_IRQHandler
                0x0000000008000a64                RCC_IRQHandler
                0x0000000008000a64                Default_Handler
                0x0000000008000a64                EXTI15_10_IRQHandler
                0x0000000008000a64                ADC_IRQHandler
                0x0000000008000a64                DMA1_Stream7_IRQHandler
                0x0000000008000a64                TIM5_IRQHandler
                0x0000000008000a64                I2C3_EV_IRQHandler
                0x0000000008000a64                EXTI9_5_IRQHandler
                0x0000000008000a64                RTC_WKUP_IRQHandler
                0x0000000008000a64                SPI2_IRQHandler
                0x0000000008000a64                DMA1_Stream0_IRQHandler
                0x0000000008000a64                EXTI4_IRQHandler
                0x0000000008000a64                WWDG_IRQHandler
                0x0000000008000a64                TIM2_IRQHandler
                0x0000000008000a64                OTG_FS_WKUP_IRQHandler
                0x0000000008000a64                TIM1_TRG_COM_TIM11_IRQHandler
                0x0000000008000a64                EXTI1_IRQHandler
                0x0000000008000a64                USART2_IRQHandler
                0x0000000008000a64                I2C2_ER_IRQHandler
                0x0000000008000a64                DMA2_Stream1_IRQHandler
                0x0000000008000a64                FLASH_IRQHandler
                0x0000000008000a64                DMA2_Stream4_IRQHandler
                0x0000000008000a64                OTG_FS_IRQHandler
                0x0000000008000a64                SPI3_IRQHandler
                0x0000000008000a64                DMA1_Stream4_IRQHandler
                0x0000000008000a64                I2C1_ER_IRQHandler
                0x0000000008000a64                DMA2_Stream6_IRQHandler
                0x0000000008000a64                DMA1_Stream3_IRQHandler
 *fill*         0x0000000008000a66        0x2 
 .text.lora_init
                0x0000000008000a68       0x64 ./Core/Usr/lora.o
                0x0000000008000a68                lora_init
 .text.lora_set_mode
                0x0000000008000acc       0xb4 ./Core/Usr/lora.o
                0x0000000008000acc                lora_set_mode
 .text.lora_read_model_data
                0x0000000008000b80       0x74 ./Core/Usr/lora.o
                0x0000000008000b80                lora_read_model_data
 .text.lora_receive_callback
                0x0000000008000bf4      0x138 ./Core/Usr/lora.o
                0x0000000008000bf4                lora_receive_callback
 .text.lora_set_ADDH
                0x0000000008000d2c       0x20 ./Core/Usr/lora.o
                0x0000000008000d2c                lora_set_ADDH
 .text.lora_set_ADDL
                0x0000000008000d4c       0x20 ./Core/Usr/lora.o
                0x0000000008000d4c                lora_set_ADDL
 .text.lora_set_speed
                0x0000000008000d6c       0x20 ./Core/Usr/lora.o
                0x0000000008000d6c                lora_set_speed
 .text.lora_set_channel
                0x0000000008000d8c       0x20 ./Core/Usr/lora.o
                0x0000000008000d8c                lora_set_channel
 .text.lora_set_option
                0x0000000008000dac       0x20 ./Core/Usr/lora.o
                0x0000000008000dac                lora_set_option
 .text.lora_save_param
                0x0000000008000dcc       0x54 ./Core/Usr/lora.o
                0x0000000008000dcc                lora_save_param
 .text.lora_serial_transmit
                0x0000000008000e20       0x34 ./Core/Usr/lora.o
                0x0000000008000e20                lora_serial_transmit
 .text.lora_clear_buffer
                0x0000000008000e54       0x44 ./Core/Usr/lora.o
                0x0000000008000e54                lora_clear_buffer
 .text.lora_complete_task
                0x0000000008000e98       0x7c ./Core/Usr/lora.o
                0x0000000008000e98                lora_complete_task
 .text.lora_receive_routine
                0x0000000008000f14       0x7c ./Core/Usr/lora.o
                0x0000000008000f14                lora_receive_routine
 .text.lora_wireless_transmit_routine
                0x0000000008000f90       0x88 ./Core/Usr/lora.o
                0x0000000008000f90                lora_wireless_transmit_routine
 .text.lora_decode_gps
                0x0000000008001018       0x80 ./Core/Usr/lora.o
                0x0000000008001018                lora_decode_gps
 .text.HAL_Init
                0x0000000008001098       0x44 ./Drivers/STM32F4xx_HAL_Driver/Src/stm32f4xx_hal.o
                0x0000000008001098                HAL_Init
 .text.HAL_InitTick
                0x00000000080010dc       0x60 ./Drivers/STM32F4xx_HAL_Driver/Src/stm32f4xx_hal.o
                0x00000000080010dc                HAL_InitTick
 .text.HAL_IncTick
                0x000000000800113c       0x28 ./Drivers/STM32F4xx_HAL_Driver/Src/stm32f4xx_hal.o
                0x000000000800113c                HAL_IncTick
 .text.HAL_GetTick
                0x0000000008001164       0x18 ./Drivers/STM32F4xx_HAL_Driver/Src/stm32f4xx_hal.o
                0x0000000008001164                HAL_GetTick
 .text.HAL_Delay
                0x000000000800117c       0x48 ./Drivers/STM32F4xx_HAL_Driver/Src/stm32f4xx_hal.o
                0x000000000800117c                HAL_Delay
 .text.__NVIC_SetPriorityGrouping
                0x00000000080011c4       0x48 ./Drivers/STM32F4xx_HAL_Driver/Src/stm32f4xx_hal_cortex.o
 .text.__NVIC_GetPriorityGrouping
                0x000000000800120c       0x1c ./Drivers/STM32F4xx_HAL_Driver/Src/stm32f4xx_hal_cortex.o
 .text.__NVIC_EnableIRQ
                0x0000000008001228       0x3c ./Drivers/STM32F4xx_HAL_Driver/Src/stm32f4xx_hal_cortex.o
 .text.__NVIC_SetPriority
                0x0000000008001264       0x54 ./Drivers/STM32F4xx_HAL_Driver/Src/stm32f4xx_hal_cortex.o
 .text.NVIC_EncodePriority
                0x00000000080012b8       0x66 ./Drivers/STM32F4xx_HAL_Driver/Src/stm32f4xx_hal_cortex.o
 *fill*         0x000000000800131e        0x2 
 .text.SysTick_Config
                0x0000000008001320       0x44 ./Drivers/STM32F4xx_HAL_Driver/Src/stm32f4xx_hal_cortex.o
 .text.HAL_NVIC_SetPriorityGrouping
                0x0000000008001364       0x16 ./Drivers/STM32F4xx_HAL_Driver/Src/stm32f4xx_hal_cortex.o
                0x0000000008001364                HAL_NVIC_SetPriorityGrouping
 .text.HAL_NVIC_SetPriority
                0x000000000800137a       0x38 ./Drivers/STM32F4xx_HAL_Driver/Src/stm32f4xx_hal_cortex.o
                0x000000000800137a                HAL_NVIC_SetPriority
 .text.HAL_NVIC_EnableIRQ
                0x00000000080013b2       0x1c ./Drivers/STM32F4xx_HAL_Driver/Src/stm32f4xx_hal_cortex.o
                0x00000000080013b2                HAL_NVIC_EnableIRQ
 .text.HAL_SYSTICK_Config
                0x00000000080013ce       0x18 ./Drivers/STM32F4xx_HAL_Driver/Src/stm32f4xx_hal_cortex.o
                0x00000000080013ce                HAL_SYSTICK_Config
 *fill*         0x00000000080013e6        0x2 
 .text.HAL_DMA_Init
                0x00000000080013e8      0x15c ./Drivers/STM32F4xx_HAL_Driver/Src/stm32f4xx_hal_dma.o
                0x00000000080013e8                HAL_DMA_Init
 .text.HAL_DMA_Start_IT
                0x0000000008001544       0xb0 ./Drivers/STM32F4xx_HAL_Driver/Src/stm32f4xx_hal_dma.o
                0x0000000008001544                HAL_DMA_Start_IT
 .text.HAL_DMA_Abort
                0x00000000080015f4       0xe0 ./Drivers/STM32F4xx_HAL_Driver/Src/stm32f4xx_hal_dma.o
                0x00000000080015f4                HAL_DMA_Abort
 .text.HAL_DMA_Abort_IT
                0x00000000080016d4       0x44 ./Drivers/STM32F4xx_HAL_Driver/Src/stm32f4xx_hal_dma.o
                0x00000000080016d4                HAL_DMA_Abort_IT
 .text.HAL_DMA_IRQHandler
                0x0000000008001718      0x314 ./Drivers/STM32F4xx_HAL_Driver/Src/stm32f4xx_hal_dma.o
                0x0000000008001718                HAL_DMA_IRQHandler
 .text.DMA_SetConfig
                0x0000000008001a2c       0x5c ./Drivers/STM32F4xx_HAL_Driver/Src/stm32f4xx_hal_dma.o
 .text.DMA_CalcBaseAndBitshift
                0x0000000008001a88       0x6c ./Drivers/STM32F4xx_HAL_Driver/Src/stm32f4xx_hal_dma.o
 .text.DMA_CheckFifoParam
                0x0000000008001af4       0xf8 ./Drivers/STM32F4xx_HAL_Driver/Src/stm32f4xx_hal_dma.o
 .text.HAL_GPIO_Init
                0x0000000008001bec      0x308 ./Drivers/STM32F4xx_HAL_Driver/Src/stm32f4xx_hal_gpio.o
                0x0000000008001bec                HAL_GPIO_Init
 .text.HAL_GPIO_ReadPin
                0x0000000008001ef4       0x30 ./Drivers/STM32F4xx_HAL_Driver/Src/stm32f4xx_hal_gpio.o
                0x0000000008001ef4                HAL_GPIO_ReadPin
 .text.HAL_GPIO_WritePin
                0x0000000008001f24       0x32 ./Drivers/STM32F4xx_HAL_Driver/Src/stm32f4xx_hal_gpio.o
                0x0000000008001f24                HAL_GPIO_WritePin
 *fill*         0x0000000008001f56        0x2 
 .text.HAL_RCC_OscConfig
                0x0000000008001f58      0x4f0 ./Drivers/STM32F4xx_HAL_Driver/Src/stm32f4xx_hal_rcc.o
                0x0000000008001f58                HAL_RCC_OscConfig
 .text.HAL_RCC_ClockConfig
                0x0000000008002448      0x1cc ./Drivers/STM32F4xx_HAL_Driver/Src/stm32f4xx_hal_rcc.o
                0x0000000008002448                HAL_RCC_ClockConfig
 .text.HAL_RCC_GetSysClockFreq
                0x0000000008002614      0x18c ./Drivers/STM32F4xx_HAL_Driver/Src/stm32f4xx_hal_rcc.o
                0x0000000008002614                HAL_RCC_GetSysClockFreq
 .text.HAL_RCC_GetHCLKFreq
                0x00000000080027a0       0x18 ./Drivers/STM32F4xx_HAL_Driver/Src/stm32f4xx_hal_rcc.o
                0x00000000080027a0                HAL_RCC_GetHCLKFreq
 .text.HAL_RCC_GetPCLK1Freq
                0x00000000080027b8       0x28 ./Drivers/STM32F4xx_HAL_Driver/Src/stm32f4xx_hal_rcc.o
                0x00000000080027b8                HAL_RCC_GetPCLK1Freq
 .text.HAL_RCC_GetPCLK2Freq
                0x00000000080027e0       0x28 ./Drivers/STM32F4xx_HAL_Driver/Src/stm32f4xx_hal_rcc.o
                0x00000000080027e0                HAL_RCC_GetPCLK2Freq
 .text.HAL_UART_Init
                0x0000000008002808       0x9a ./Drivers/STM32F4xx_HAL_Driver/Src/stm32f4xx_hal_uart.o
                0x0000000008002808                HAL_UART_Init
 *fill*         0x00000000080028a2        0x2 
 .text.HAL_UART_Transmit_DMA
                0x00000000080028a4       0xfc ./Drivers/STM32F4xx_HAL_Driver/Src/stm32f4xx_hal_uart.o
                0x00000000080028a4                HAL_UART_Transmit_DMA
 .text.HAL_UART_Receive_DMA
                0x00000000080029a0       0x60 ./Drivers/STM32F4xx_HAL_Driver/Src/stm32f4xx_hal_uart.o
                0x00000000080029a0                HAL_UART_Receive_DMA
 .text.HAL_UART_DMAStop
                0x0000000008002a00       0xfe ./Drivers/STM32F4xx_HAL_Driver/Src/stm32f4xx_hal_uart.o
                0x0000000008002a00                HAL_UART_DMAStop
 *fill*         0x0000000008002afe        0x2 
 .text.HAL_UART_IRQHandler
                0x0000000008002b00      0x51c ./Drivers/STM32F4xx_HAL_Driver/Src/stm32f4xx_hal_uart.o
                0x0000000008002b00                HAL_UART_IRQHandler
 .text.HAL_UART_TxCpltCallback
                0x000000000800301c       0x14 ./Drivers/STM32F4xx_HAL_Driver/Src/stm32f4xx_hal_uart.o
                0x000000000800301c                HAL_UART_TxCpltCallback
 .text.HAL_UART_TxHalfCpltCallback
                0x0000000008003030       0x14 ./Drivers/STM32F4xx_HAL_Driver/Src/stm32f4xx_hal_uart.o
                0x0000000008003030                HAL_UART_TxHalfCpltCallback
 .text.HAL_UART_RxCpltCallback
                0x0000000008003044       0x14 ./Drivers/STM32F4xx_HAL_Driver/Src/stm32f4xx_hal_uart.o
                0x0000000008003044                HAL_UART_RxCpltCallback
 .text.HAL_UART_ErrorCallback
                0x0000000008003058       0x14 ./Drivers/STM32F4xx_HAL_Driver/Src/stm32f4xx_hal_uart.o
                0x0000000008003058                HAL_UART_ErrorCallback
 .text.HAL_UARTEx_RxEventCallback
                0x000000000800306c       0x18 ./Drivers/STM32F4xx_HAL_Driver/Src/stm32f4xx_hal_uart.o
                0x000000000800306c                HAL_UARTEx_RxEventCallback
 .text.UART_DMATransmitCplt
                0x0000000008003084       0x9a ./Drivers/STM32F4xx_HAL_Driver/Src/stm32f4xx_hal_uart.o
 .text.UART_DMATxHalfCplt
                0x000000000800311e       0x1c ./Drivers/STM32F4xx_HAL_Driver/Src/stm32f4xx_hal_uart.o
 .text.UART_DMAReceiveCplt
                0x000000000800313a      0x126 ./Drivers/STM32F4xx_HAL_Driver/Src/stm32f4xx_hal_uart.o
 .text.UART_DMARxHalfCplt
                0x0000000008003260       0x36 ./Drivers/STM32F4xx_HAL_Driver/Src/stm32f4xx_hal_uart.o
 .text.UART_DMAError
                0x0000000008003296       0x94 ./Drivers/STM32F4xx_HAL_Driver/Src/stm32f4xx_hal_uart.o
 *fill*         0x000000000800332a        0x2 
 .text.UART_Start_Receive_DMA
                0x000000000800332c      0x13c ./Drivers/STM32F4xx_HAL_Driver/Src/stm32f4xx_hal_uart.o
                0x000000000800332c                UART_Start_Receive_DMA
 .text.UART_EndTxTransfer
                0x0000000008003468       0x50 ./Drivers/STM32F4xx_HAL_Driver/Src/stm32f4xx_hal_uart.o
 .text.UART_EndRxTransfer
                0x00000000080034b8       0xc6 ./Drivers/STM32F4xx_HAL_Driver/Src/stm32f4xx_hal_uart.o
 .text.UART_DMAAbortOnError
                0x000000000800357e       0x28 ./Drivers/STM32F4xx_HAL_Driver/Src/stm32f4xx_hal_uart.o
 .text.UART_Transmit_IT
                0x00000000080035a6       0xa0 ./Drivers/STM32F4xx_HAL_Driver/Src/stm32f4xx_hal_uart.o
 .text.UART_EndTransmit_IT
                0x0000000008003646       0x30 ./Drivers/STM32F4xx_HAL_Driver/Src/stm32f4xx_hal_uart.o
 .text.UART_Receive_IT
                0x0000000008003676      0x176 ./Drivers/STM32F4xx_HAL_Driver/Src/stm32f4xx_hal_uart.o
 .text.UART_SetConfig
                0x00000000080037ec      0x4e8 ./Drivers/STM32F4xx_HAL_Driver/Src/stm32f4xx_hal_uart.o
 .text.memset   0x0000000008003cd4       0x10 /opt/st/stm32cubeide_1.13.0/plugins/com.st.stm32cube.ide.mcu.externaltools.gnu-tools-for-stm32.11.3.rel1.linux64_1.1.0.202305231506/tools/bin/../lib/gcc/arm-none-eabi/11.3.1/../../../../arm-none-eabi/lib/thumb/v7e-m+fp/hard/libc_nano.a(libc_a-memset.o)
                0x0000000008003cd4                memset
 .text.__libc_init_array
                0x0000000008003ce4       0x48 /opt/st/stm32cubeide_1.13.0/plugins/com.st.stm32cube.ide.mcu.externaltools.gnu-tools-for-stm32.11.3.rel1.linux64_1.1.0.202305231506/tools/bin/../lib/gcc/arm-none-eabi/11.3.1/../../../../arm-none-eabi/lib/thumb/v7e-m+fp/hard/libc_nano.a(libc_a-init.o)
                0x0000000008003ce4                __libc_init_array
 *(.glue_7)
 .glue_7        0x0000000008003d2c        0x0 linker stubs
 *(.glue_7t)
 .glue_7t       0x0000000008003d2c        0x0 linker stubs
 *(.eh_frame)
 .eh_frame      0x0000000008003d2c        0x0 /opt/st/stm32cubeide_1.13.0/plugins/com.st.stm32cube.ide.mcu.externaltools.gnu-tools-for-stm32.11.3.rel1.linux64_1.1.0.202305231506/tools/bin/../lib/gcc/arm-none-eabi/11.3.1/thumb/v7e-m+fp/hard/crtbegin.o
 *(.init)
 .init          0x0000000008003d2c        0x4 /opt/st/stm32cubeide_1.13.0/plugins/com.st.stm32cube.ide.mcu.externaltools.gnu-tools-for-stm32.11.3.rel1.linux64_1.1.0.202305231506/tools/bin/../lib/gcc/arm-none-eabi/11.3.1/thumb/v7e-m+fp/hard/crti.o
                0x0000000008003d2c                _init
 .init          0x0000000008003d30        0x8 /opt/st/stm32cubeide_1.13.0/plugins/com.st.stm32cube.ide.mcu.externaltools.gnu-tools-for-stm32.11.3.rel1.linux64_1.1.0.202305231506/tools/bin/../lib/gcc/arm-none-eabi/11.3.1/thumb/v7e-m+fp/hard/crtn.o
 *(.fini)
 .fini          0x0000000008003d38        0x4 /opt/st/stm32cubeide_1.13.0/plugins/com.st.stm32cube.ide.mcu.externaltools.gnu-tools-for-stm32.11.3.rel1.linux64_1.1.0.202305231506/tools/bin/../lib/gcc/arm-none-eabi/11.3.1/thumb/v7e-m+fp/hard/crti.o
                0x0000000008003d38                _fini
 .fini          0x0000000008003d3c        0x8 /opt/st/stm32cubeide_1.13.0/plugins/com.st.stm32cube.ide.mcu.externaltools.gnu-tools-for-stm32.11.3.rel1.linux64_1.1.0.202305231506/tools/bin/../lib/gcc/arm-none-eabi/11.3.1/thumb/v7e-m+fp/hard/crtn.o
                0x0000000008003d44                . = ALIGN (0x4)
                0x0000000008003d44                _etext = .

.vfp11_veneer   0x0000000008003d44        0x0
 .vfp11_veneer  0x0000000008003d44        0x0 linker stubs

.v4_bx          0x0000000008003d44        0x0
 .v4_bx         0x0000000008003d44        0x0 linker stubs

.iplt           0x0000000008003d44        0x0
 .iplt          0x0000000008003d44        0x0 /opt/st/stm32cubeide_1.13.0/plugins/com.st.stm32cube.ide.mcu.externaltools.gnu-tools-for-stm32.11.3.rel1.linux64_1.1.0.202305231506/tools/bin/../lib/gcc/arm-none-eabi/11.3.1/thumb/v7e-m+fp/hard/crtbegin.o

.rodata         0x0000000008003d44       0x20
                0x0000000008003d44                . = ALIGN (0x4)
 *(.rodata)
 *(.rodata*)
 .rodata.AHBPrescTable
                0x0000000008003d44       0x10 ./Core/Src/system_stm32f4xx.o
                0x0000000008003d44                AHBPrescTable
 .rodata.APBPrescTable
                0x0000000008003d54        0x8 ./Core/Src/system_stm32f4xx.o
                0x0000000008003d54                APBPrescTable
 .rodata.flagBitshiftOffset.0
                0x0000000008003d5c        0x8 ./Drivers/STM32F4xx_HAL_Driver/Src/stm32f4xx_hal_dma.o
                0x0000000008003d64                . = ALIGN (0x4)

.ARM.extab      0x0000000008003d64        0x0
                0x0000000008003d64                . = ALIGN (0x4)
 *(.ARM.extab* .gnu.linkonce.armextab.*)
                0x0000000008003d64                . = ALIGN (0x4)

.ARM            0x0000000008003d64        0x8
                0x0000000008003d64                . = ALIGN (0x4)
                0x0000000008003d64                __exidx_start = .
 *(.ARM.exidx*)
 .ARM.exidx     0x0000000008003d64        0x8 /opt/st/stm32cubeide_1.13.0/plugins/com.st.stm32cube.ide.mcu.externaltools.gnu-tools-for-stm32.11.3.rel1.linux64_1.1.0.202305231506/tools/bin/../lib/gcc/arm-none-eabi/11.3.1/thumb/v7e-m+fp/hard/libgcc.a(_udivmoddi4.o)
                0x0000000008003d6c                __exidx_end = .
                0x0000000008003d6c                . = ALIGN (0x4)

.rel.dyn        0x0000000008003d6c        0x0
 .rel.iplt      0x0000000008003d6c        0x0 /opt/st/stm32cubeide_1.13.0/plugins/com.st.stm32cube.ide.mcu.externaltools.gnu-tools-for-stm32.11.3.rel1.linux64_1.1.0.202305231506/tools/bin/../lib/gcc/arm-none-eabi/11.3.1/thumb/v7e-m+fp/hard/crtbegin.o

.preinit_array  0x0000000008003d6c        0x0
                0x0000000008003d6c                . = ALIGN (0x4)
                0x0000000008003d6c                PROVIDE (__preinit_array_start = .)
 *(.preinit_array*)
                0x0000000008003d6c                PROVIDE (__preinit_array_end = .)
                0x0000000008003d6c                . = ALIGN (0x4)

.init_array     0x0000000008003d6c        0x4
                0x0000000008003d6c                . = ALIGN (0x4)
                0x0000000008003d6c                PROVIDE (__init_array_start = .)
 *(SORT_BY_NAME(.init_array.*))
 *(.init_array*)
 .init_array    0x0000000008003d6c        0x4 /opt/st/stm32cubeide_1.13.0/plugins/com.st.stm32cube.ide.mcu.externaltools.gnu-tools-for-stm32.11.3.rel1.linux64_1.1.0.202305231506/tools/bin/../lib/gcc/arm-none-eabi/11.3.1/thumb/v7e-m+fp/hard/crtbegin.o
                0x0000000008003d70                PROVIDE (__init_array_end = .)
                0x0000000008003d70                . = ALIGN (0x4)

.fini_array     0x0000000008003d70        0x4
                0x0000000008003d70                . = ALIGN (0x4)
                [!provide]                        PROVIDE (__fini_array_start = .)
 *(SORT_BY_NAME(.fini_array.*))
 *(.fini_array*)
 .fini_array    0x0000000008003d70        0x4 /opt/st/stm32cubeide_1.13.0/plugins/com.st.stm32cube.ide.mcu.externaltools.gnu-tools-for-stm32.11.3.rel1.linux64_1.1.0.202305231506/tools/bin/../lib/gcc/arm-none-eabi/11.3.1/thumb/v7e-m+fp/hard/crtbegin.o
                [!provide]                        PROVIDE (__fini_array_end = .)
                0x0000000008003d74                . = ALIGN (0x4)
                0x0000000008003d74                _sidata = LOADADDR (.data)

.data           0x0000000020000000       0x24 load address 0x0000000008003d74
                0x0000000020000000                . = ALIGN (0x4)
                0x0000000020000000                _sdata = .
 *(.data)
 *(.data*)
 .data.SystemCoreClock
                0x0000000020000000        0x4 ./Core/Src/system_stm32f4xx.o
                0x0000000020000000                SystemCoreClock
 .data.lora_txbuff_wr
                0x0000000020000004       0x17 ./Core/Usr/lora.o
                0x0000000020000004                lora_txbuff_wr
 *fill*         0x000000002000001b        0x1 
 .data.uwTickPrio
                0x000000002000001c        0x4 ./Drivers/STM32F4xx_HAL_Driver/Src/stm32f4xx_hal.o
                0x000000002000001c                uwTickPrio
 .data.uwTickFreq
                0x0000000020000020        0x1 ./Drivers/STM32F4xx_HAL_Driver/Src/stm32f4xx_hal.o
                0x0000000020000020                uwTickFreq
 *(.RamFunc)
 *(.RamFunc*)
                0x0000000020000024                . = ALIGN (0x4)
 *fill*         0x0000000020000021        0x3 
                0x0000000020000024                _edata = .

.igot.plt       0x0000000020000024        0x0 load address 0x0000000008003d98
 .igot.plt      0x0000000020000024        0x0 /opt/st/stm32cubeide_1.13.0/plugins/com.st.stm32cube.ide.mcu.externaltools.gnu-tools-for-stm32.11.3.rel1.linux64_1.1.0.202305231506/tools/bin/../lib/gcc/arm-none-eabi/11.3.1/thumb/v7e-m+fp/hard/crtbegin.o
                0x0000000020000024                . = ALIGN (0x4)

.bss            0x0000000020000024      0x190 load address 0x0000000008003d98
                0x0000000020000024                _sbss = .
                0x0000000020000024                __bss_start__ = _sbss
 *(.bss)
 .bss           0x0000000020000024       0x1c /opt/st/stm32cubeide_1.13.0/plugins/com.st.stm32cube.ide.mcu.externaltools.gnu-tools-for-stm32.11.3.rel1.linux64_1.1.0.202305231506/tools/bin/../lib/gcc/arm-none-eabi/11.3.1/thumb/v7e-m+fp/hard/crtbegin.o
 *(.bss*)
 .bss.callback  0x0000000020000040        0x1 ./Core/Src/main.o
                0x0000000020000040                callback
 .bss.flag      0x0000000020000041        0x1 ./Core/Src/main.o
                0x0000000020000041                flag
 *fill*         0x0000000020000042        0x2 
 .bss.huart1    0x0000000020000044       0x44 ./Core/Src/usart.o
                0x0000000020000044                huart1
 .bss.hdma_usart1_rx
                0x0000000020000088       0x60 ./Core/Src/usart.o
                0x0000000020000088                hdma_usart1_rx
 .bss.hdma_usart1_tx
                0x00000000200000e8       0x60 ./Core/Src/usart.o
                0x00000000200000e8                hdma_usart1_tx
 .bss.lora_huart
                0x0000000020000148        0x4 ./Core/Usr/lora.o
                0x0000000020000148                lora_huart
 .bss.lora      0x000000002000014c        0x5 ./Core/Usr/lora.o
                0x000000002000014c                lora
 *fill*         0x0000000020000151        0x3 
 .bss.lora_rcv_from
                0x0000000020000154        0x4 ./Core/Usr/lora.o
                0x0000000020000154                lora_rcv_from
 .bss.lora_txbuff
                0x0000000020000158        0x6 ./Core/Usr/lora.o
                0x0000000020000158                lora_txbuff
 *fill*         0x000000002000015e        0x2 
 .bss.lora_rxbuff
                0x0000000020000160        0x6 ./Core/Usr/lora.o
                0x0000000020000160                lora_rxbuff
 *fill*         0x0000000020000166        0x2 
 .bss.lora_param
                0x0000000020000168        0x6 ./Core/Usr/lora.o
                0x0000000020000168                lora_param
 .bss.lora_dummy_rxbuff
                0x000000002000016e        0x1 ./Core/Usr/lora.o
                0x000000002000016e                lora_dummy_rxbuff
 .bss.aux       0x000000002000016f        0x1 ./Core/Usr/lora.o
                0x000000002000016f                aux
 .bss.lora_rxbuf
                0x0000000020000170       0x17 ./Core/Usr/lora.o
                0x0000000020000170                lora_rxbuf
 .bss.rxloraflag
                0x0000000020000187        0x1 ./Core/Usr/lora.o
                0x0000000020000187                rxloraflag
 .bss.lora_rxstat
                0x0000000020000188        0x1 ./Core/Usr/lora.o
                0x0000000020000188                lora_rxstat
 .bss.lora_callback
                0x0000000020000189        0x1 ./Core/Usr/lora.o
                0x0000000020000189                lora_callback
 .bss.lora_tx_flag
                0x000000002000018a        0x1 ./Core/Usr/lora.o
                0x000000002000018a                lora_tx_flag
 *fill*         0x000000002000018b        0x1 
 .bss.gpsData   0x000000002000018c       0x1c ./Core/Usr/lora.o
                0x000000002000018c                gpsData
 .bss.rxdelay.1
                0x00000000200001a8        0x4 ./Core/Usr/lora.o
 .bss.delay.0   0x00000000200001ac        0x4 ./Core/Usr/lora.o
 .bss.uwTick    0x00000000200001b0        0x4 ./Drivers/STM32F4xx_HAL_Driver/Src/stm32f4xx_hal.o
                0x00000000200001b0                uwTick
 *(COMMON)
                0x00000000200001b4                . = ALIGN (0x4)
                0x00000000200001b4                _ebss = .
                0x00000000200001b4                __bss_end__ = _ebss

._user_heap_stack
                0x00000000200001b4      0x604 load address 0x0000000008003d98
                0x00000000200001b8                . = ALIGN (0x8)
 *fill*         0x00000000200001b4        0x4 
                [!provide]                        PROVIDE (end = .)
                0x00000000200001b8                PROVIDE (_end = .)
                0x00000000200003b8                . = (. + _Min_Heap_Size)
 *fill*         0x00000000200001b8      0x200 
                0x00000000200007b8                . = (. + _Min_Stack_Size)
 *fill*         0x00000000200003b8      0x400 
                0x00000000200007b8                . = ALIGN (0x8)

/DISCARD/
 libc.a(*)
 libm.a(*)
 libgcc.a(*)

.ARM.attributes
                0x0000000000000000       0x30
 *(.ARM.attributes)
 .ARM.attributes
                0x0000000000000000       0x1e /opt/st/stm32cubeide_1.13.0/plugins/com.st.stm32cube.ide.mcu.externaltools.gnu-tools-for-stm32.11.3.rel1.linux64_1.1.0.202305231506/tools/bin/../lib/gcc/arm-none-eabi/11.3.1/thumb/v7e-m+fp/hard/crti.o
 .ARM.attributes
                0x000000000000001e       0x34 /opt/st/stm32cubeide_1.13.0/plugins/com.st.stm32cube.ide.mcu.externaltools.gnu-tools-for-stm32.11.3.rel1.linux64_1.1.0.202305231506/tools/bin/../lib/gcc/arm-none-eabi/11.3.1/thumb/v7e-m+fp/hard/crtbegin.o
 .ARM.attributes
                0x0000000000000052       0x34 ./Core/Src/dma.o
 .ARM.attributes
                0x0000000000000086       0x34 ./Core/Src/gpio.o
 .ARM.attributes
                0x00000000000000ba       0x34 ./Core/Src/main.o
 .ARM.attributes
                0x00000000000000ee       0x34 ./Core/Src/stm32f4xx_hal_msp.o
 .ARM.attributes
                0x0000000000000122       0x34 ./Core/Src/stm32f4xx_it.o
 .ARM.attributes
                0x0000000000000156       0x34 ./Core/Src/system_stm32f4xx.o
 .ARM.attributes
                0x000000000000018a       0x34 ./Core/Src/usart.o
 .ARM.attributes
                0x00000000000001be       0x21 ./Core/Startup/startup_stm32f401ccux.o
 .ARM.attributes
                0x00000000000001df       0x34 ./Core/Usr/lora.o
 .ARM.attributes
                0x0000000000000213       0x34 ./Drivers/STM32F4xx_HAL_Driver/Src/stm32f4xx_hal.o
 .ARM.attributes
                0x0000000000000247       0x34 ./Drivers/STM32F4xx_HAL_Driver/Src/stm32f4xx_hal_cortex.o
 .ARM.attributes
                0x000000000000027b       0x34 ./Drivers/STM32F4xx_HAL_Driver/Src/stm32f4xx_hal_dma.o
 .ARM.attributes
                0x00000000000002af       0x34 ./Drivers/STM32F4xx_HAL_Driver/Src/stm32f4xx_hal_gpio.o
 .ARM.attributes
                0x00000000000002e3       0x34 ./Drivers/STM32F4xx_HAL_Driver/Src/stm32f4xx_hal_rcc.o
 .ARM.attributes
                0x0000000000000317       0x34 ./Drivers/STM32F4xx_HAL_Driver/Src/stm32f4xx_hal_uart.o
 .ARM.attributes
                0x000000000000034b       0x34 /opt/st/stm32cubeide_1.13.0/plugins/com.st.stm32cube.ide.mcu.externaltools.gnu-tools-for-stm32.11.3.rel1.linux64_1.1.0.202305231506/tools/bin/../lib/gcc/arm-none-eabi/11.3.1/../../../../arm-none-eabi/lib/thumb/v7e-m+fp/hard/libc_nano.a(libc_a-memset.o)
 .ARM.attributes
                0x000000000000037f       0x34 /opt/st/stm32cubeide_1.13.0/plugins/com.st.stm32cube.ide.mcu.externaltools.gnu-tools-for-stm32.11.3.rel1.linux64_1.1.0.202305231506/tools/bin/../lib/gcc/arm-none-eabi/11.3.1/../../../../arm-none-eabi/lib/thumb/v7e-m+fp/hard/libc_nano.a(libc_a-init.o)
 .ARM.attributes
                0x00000000000003b3       0x1e /opt/st/stm32cubeide_1.13.0/plugins/com.st.stm32cube.ide.mcu.externaltools.gnu-tools-for-stm32.11.3.rel1.linux64_1.1.0.202305231506/tools/bin/../lib/gcc/arm-none-eabi/11.3.1/thumb/v7e-m+fp/hard/libgcc.a(_aeabi_uldivmod.o)
 .ARM.attributes
                0x00000000000003d1       0x34 /opt/st/stm32cubeide_1.13.0/plugins/com.st.stm32cube.ide.mcu.externaltools.gnu-tools-for-stm32.11.3.rel1.linux64_1.1.0.202305231506/tools/bin/../lib/gcc/arm-none-eabi/11.3.1/thumb/v7e-m+fp/hard/libgcc.a(_udivmoddi4.o)
 .ARM.attributes
                0x0000000000000405       0x1e /opt/st/stm32cubeide_1.13.0/plugins/com.st.stm32cube.ide.mcu.externaltools.gnu-tools-for-stm32.11.3.rel1.linux64_1.1.0.202305231506/tools/bin/../lib/gcc/arm-none-eabi/11.3.1/thumb/v7e-m+fp/hard/libgcc.a(_dvmd_tls.o)
 .ARM.attributes
                0x0000000000000423       0x1e /opt/st/stm32cubeide_1.13.0/plugins/com.st.stm32cube.ide.mcu.externaltools.gnu-tools-for-stm32.11.3.rel1.linux64_1.1.0.202305231506/tools/bin/../lib/gcc/arm-none-eabi/11.3.1/thumb/v7e-m+fp/hard/crtn.o
OUTPUT(client_mesh.elf elf32-littlearm)
LOAD linker stubs
LOAD /opt/st/stm32cubeide_1.13.0/plugins/com.st.stm32cube.ide.mcu.externaltools.gnu-tools-for-stm32.11.3.rel1.linux64_1.1.0.202305231506/tools/bin/../lib/gcc/arm-none-eabi/11.3.1/../../../../arm-none-eabi/lib/thumb/v7e-m+fp/hard/libc.a
LOAD /opt/st/stm32cubeide_1.13.0/plugins/com.st.stm32cube.ide.mcu.externaltools.gnu-tools-for-stm32.11.3.rel1.linux64_1.1.0.202305231506/tools/bin/../lib/gcc/arm-none-eabi/11.3.1/../../../../arm-none-eabi/lib/thumb/v7e-m+fp/hard/libm.a
LOAD /opt/st/stm32cubeide_1.13.0/plugins/com.st.stm32cube.ide.mcu.externaltools.gnu-tools-for-stm32.11.3.rel1.linux64_1.1.0.202305231506/tools/bin/../lib/gcc/arm-none-eabi/11.3.1/thumb/v7e-m+fp/hard/libgcc.a

.comment        0x0000000000000000       0x43
 .comment       0x0000000000000000       0x43 /opt/st/stm32cubeide_1.13.0/plugins/com.st.stm32cube.ide.mcu.externaltools.gnu-tools-for-stm32.11.3.rel1.linux64_1.1.0.202305231506/tools/bin/../lib/gcc/arm-none-eabi/11.3.1/thumb/v7e-m+fp/hard/crtbegin.o
                                         0x44 (size before relaxing)
 .comment       0x0000000000000043       0x44 ./Core/Src/dma.o
 .comment       0x0000000000000043       0x44 ./Core/Src/gpio.o
 .comment       0x0000000000000043       0x44 ./Core/Src/main.o
 .comment       0x0000000000000043       0x44 ./Core/Src/stm32f4xx_hal_msp.o
 .comment       0x0000000000000043       0x44 ./Core/Src/stm32f4xx_it.o
 .comment       0x0000000000000043       0x44 ./Core/Src/system_stm32f4xx.o
 .comment       0x0000000000000043       0x44 ./Core/Src/usart.o
 .comment       0x0000000000000043       0x44 ./Core/Usr/lora.o
 .comment       0x0000000000000043       0x44 ./Drivers/STM32F4xx_HAL_Driver/Src/stm32f4xx_hal.o
 .comment       0x0000000000000043       0x44 ./Drivers/STM32F4xx_HAL_Driver/Src/stm32f4xx_hal_cortex.o
 .comment       0x0000000000000043       0x44 ./Drivers/STM32F4xx_HAL_Driver/Src/stm32f4xx_hal_dma.o
 .comment       0x0000000000000043       0x44 ./Drivers/STM32F4xx_HAL_Driver/Src/stm32f4xx_hal_gpio.o
 .comment       0x0000000000000043       0x44 ./Drivers/STM32F4xx_HAL_Driver/Src/stm32f4xx_hal_rcc.o
 .comment       0x0000000000000043       0x44 ./Drivers/STM32F4xx_HAL_Driver/Src/stm32f4xx_hal_uart.o

.debug_info     0x0000000000000000     0x9634
 .debug_info    0x0000000000000000      0x43f ./Core/Src/dma.o
 .debug_info    0x000000000000043f      0x417 ./Core/Src/gpio.o
 .debug_info    0x0000000000000856      0xa30 ./Core/Src/main.o
 .debug_info    0x0000000000001286      0x291 ./Core/Src/stm32f4xx_hal_msp.o
 .debug_info    0x0000000000001517      0x66a ./Core/Src/stm32f4xx_it.o
 .debug_info    0x0000000000001b81      0x53e ./Core/Src/system_stm32f4xx.o
 .debug_info    0x00000000000020bf      0xb55 ./Core/Src/usart.o
 .debug_info    0x0000000000002c14       0x23 ./Core/Startup/startup_stm32f401ccux.o
 .debug_info    0x0000000000002c37      0xc01 ./Core/Usr/lora.o
 .debug_info    0x0000000000003838      0x8bb ./Drivers/STM32F4xx_HAL_Driver/Src/stm32f4xx_hal.o
 .debug_info    0x00000000000040f3      0xcb0 ./Drivers/STM32F4xx_HAL_Driver/Src/stm32f4xx_hal_cortex.o
 .debug_info    0x0000000000004da3      0x8e6 ./Drivers/STM32F4xx_HAL_Driver/Src/stm32f4xx_hal_dma.o
 .debug_info    0x0000000000005689      0x6f9 ./Drivers/STM32F4xx_HAL_Driver/Src/stm32f4xx_hal_gpio.o
 .debug_info    0x0000000000005d82      0x8f3 ./Drivers/STM32F4xx_HAL_Driver/Src/stm32f4xx_hal_rcc.o
 .debug_info    0x0000000000006675     0x2fbf ./Drivers/STM32F4xx_HAL_Driver/Src/stm32f4xx_hal_uart.o

.debug_abbrev   0x0000000000000000     0x1c36
 .debug_abbrev  0x0000000000000000      0x10e ./Core/Src/dma.o
 .debug_abbrev  0x000000000000010e      0x151 ./Core/Src/gpio.o
 .debug_abbrev  0x000000000000025f      0x26e ./Core/Src/main.o
 .debug_abbrev  0x00000000000004cd       0xd8 ./Core/Src/stm32f4xx_hal_msp.o
 .debug_abbrev  0x00000000000005a5      0x183 ./Core/Src/stm32f4xx_it.o
 .debug_abbrev  0x0000000000000728      0x11a ./Core/Src/system_stm32f4xx.o
 .debug_abbrev  0x0000000000000842      0x22d ./Core/Src/usart.o
 .debug_abbrev  0x0000000000000a6f       0x12 ./Core/Startup/startup_stm32f401ccux.o
 .debug_abbrev  0x0000000000000a81      0x27f ./Core/Usr/lora.o
 .debug_abbrev  0x0000000000000d00      0x24b ./Drivers/STM32F4xx_HAL_Driver/Src/stm32f4xx_hal.o
 .debug_abbrev  0x0000000000000f4b      0x327 ./Drivers/STM32F4xx_HAL_Driver/Src/stm32f4xx_hal_cortex.o
 .debug_abbrev  0x0000000000001272      0x221 ./Drivers/STM32F4xx_HAL_Driver/Src/stm32f4xx_hal_dma.o
 .debug_abbrev  0x0000000000001493      0x1d3 ./Drivers/STM32F4xx_HAL_Driver/Src/stm32f4xx_hal_gpio.o
 .debug_abbrev  0x0000000000001666      0x2b5 ./Drivers/STM32F4xx_HAL_Driver/Src/stm32f4xx_hal_rcc.o
 .debug_abbrev  0x000000000000191b      0x31b ./Drivers/STM32F4xx_HAL_Driver/Src/stm32f4xx_hal_uart.o

.debug_aranges  0x0000000000000000      0x7a0
 .debug_aranges
                0x0000000000000000       0x20 ./Core/Src/dma.o
 .debug_aranges
                0x0000000000000020       0x20 ./Core/Src/gpio.o
 .debug_aranges
                0x0000000000000040       0x38 ./Core/Src/main.o
 .debug_aranges
                0x0000000000000078       0x20 ./Core/Src/stm32f4xx_hal_msp.o
 .debug_aranges
                0x0000000000000098       0x78 ./Core/Src/stm32f4xx_it.o
 .debug_aranges
                0x0000000000000110       0x28 ./Core/Src/system_stm32f4xx.o
 .debug_aranges
                0x0000000000000138       0x30 ./Core/Src/usart.o
 .debug_aranges
                0x0000000000000168       0x28 ./Core/Startup/startup_stm32f401ccux.o
 .debug_aranges
                0x0000000000000190       0x98 ./Core/Usr/lora.o
 .debug_aranges
                0x0000000000000228       0xf0 ./Drivers/STM32F4xx_HAL_Driver/Src/stm32f4xx_hal.o
 .debug_aranges
                0x0000000000000318      0x118 ./Drivers/STM32F4xx_HAL_Driver/Src/stm32f4xx_hal_cortex.o
 .debug_aranges
                0x0000000000000430       0x90 ./Drivers/STM32F4xx_HAL_Driver/Src/stm32f4xx_hal_dma.o
 .debug_aranges
                0x00000000000004c0       0x58 ./Drivers/STM32F4xx_HAL_Driver/Src/stm32f4xx_hal_gpio.o
 .debug_aranges
                0x0000000000000518       0x88 ./Drivers/STM32F4xx_HAL_Driver/Src/stm32f4xx_hal_rcc.o
 .debug_aranges
                0x00000000000005a0      0x200 ./Drivers/STM32F4xx_HAL_Driver/Src/stm32f4xx_hal_uart.o

.debug_rnglists
                0x0000000000000000      0x5c2
 .debug_rnglists
                0x0000000000000000       0x13 ./Core/Src/dma.o
 .debug_rnglists
                0x0000000000000013       0x14 ./Core/Src/gpio.o
 .debug_rnglists
                0x0000000000000027       0x26 ./Core/Src/main.o
 .debug_rnglists
                0x000000000000004d       0x13 ./Core/Src/stm32f4xx_hal_msp.o
 .debug_rnglists
                0x0000000000000060       0x55 ./Core/Src/stm32f4xx_it.o
 .debug_rnglists
                0x00000000000000b5       0x1a ./Core/Src/system_stm32f4xx.o
 .debug_rnglists
                0x00000000000000cf       0x20 ./Core/Src/usart.o
 .debug_rnglists
                0x00000000000000ef       0x19 ./Core/Startup/startup_stm32f401ccux.o
 .debug_rnglists
                0x0000000000000108       0x71 ./Core/Usr/lora.o
 .debug_rnglists
                0x0000000000000179       0xaf ./Drivers/STM32F4xx_HAL_Driver/Src/stm32f4xx_hal.o
 .debug_rnglists
                0x0000000000000228       0xce ./Drivers/STM32F4xx_HAL_Driver/Src/stm32f4xx_hal_cortex.o
 .debug_rnglists
                0x00000000000002f6       0x70 ./Drivers/STM32F4xx_HAL_Driver/Src/stm32f4xx_hal_dma.o
 .debug_rnglists
                0x0000000000000366       0x3f ./Drivers/STM32F4xx_HAL_Driver/Src/stm32f4xx_hal_gpio.o
 .debug_rnglists
                0x00000000000003a5       0x66 ./Drivers/STM32F4xx_HAL_Driver/Src/stm32f4xx_hal_rcc.o
 .debug_rnglists
                0x000000000000040b      0x1b7 ./Drivers/STM32F4xx_HAL_Driver/Src/stm32f4xx_hal_uart.o

.debug_macro    0x0000000000000000    0x15963
 .debug_macro   0x0000000000000000      0x1ce ./Core/Src/dma.o
 .debug_macro   0x00000000000001ce      0xaa8 ./Core/Src/dma.o
 .debug_macro   0x0000000000000c76      0x295 ./Core/Src/dma.o
 .debug_macro   0x0000000000000f0b       0x2e ./Core/Src/dma.o
 .debug_macro   0x0000000000000f39       0x28 ./Core/Src/dma.o
 .debug_macro   0x0000000000000f61       0x22 ./Core/Src/dma.o
 .debug_macro   0x0000000000000f83       0x8e ./Core/Src/dma.o
 .debug_macro   0x0000000000001011       0x51 ./Core/Src/dma.o
 .debug_macro   0x0000000000001062      0x103 ./Core/Src/dma.o
 .debug_macro   0x0000000000001165       0x6a ./Core/Src/dma.o
 .debug_macro   0x00000000000011cf      0x1df ./Core/Src/dma.o
 .debug_macro   0x00000000000013ae       0x1c ./Core/Src/dma.o
 .debug_macro   0x00000000000013ca       0x22 ./Core/Src/dma.o
 .debug_macro   0x00000000000013ec       0xd9 ./Core/Src/dma.o
 .debug_macro   0x00000000000014c5     0x102d ./Core/Src/dma.o
 .debug_macro   0x00000000000024f2      0x11f ./Core/Src/dma.o
 .debug_macro   0x0000000000002611     0xb86c ./Core/Src/dma.o
 .debug_macro   0x000000000000de7d       0x6d ./Core/Src/dma.o
 .debug_macro   0x000000000000deea     0x367e ./Core/Src/dma.o
 .debug_macro   0x0000000000011568      0x174 ./Core/Src/dma.o
 .debug_macro   0x00000000000116dc       0x5c ./Core/Src/dma.o
 .debug_macro   0x0000000000011738      0x416 ./Core/Src/dma.o
 .debug_macro   0x0000000000011b4e      0x9fe ./Core/Src/dma.o
 .debug_macro   0x000000000001254c      0x115 ./Core/Src/dma.o
 .debug_macro   0x0000000000012661       0xf8 ./Core/Src/dma.o
 .debug_macro   0x0000000000012759       0xa5 ./Core/Src/dma.o
 .debug_macro   0x00000000000127fe      0x15f ./Core/Src/dma.o
 .debug_macro   0x000000000001295d      0x287 ./Core/Src/dma.o
 .debug_macro   0x0000000000012be4       0x5f ./Core/Src/dma.o
 .debug_macro   0x0000000000012c43      0x236 ./Core/Src/dma.o
 .debug_macro   0x0000000000012e79      0x132 ./Core/Src/dma.o
 .debug_macro   0x0000000000012fab      0x23a ./Core/Src/dma.o
 .debug_macro   0x00000000000131e5       0x2e ./Core/Src/dma.o
 .debug_macro   0x0000000000013213      0x11a ./Core/Src/dma.o
 .debug_macro   0x000000000001332d       0x85 ./Core/Src/dma.o
 .debug_macro   0x00000000000133b2       0x89 ./Core/Src/dma.o
 .debug_macro   0x000000000001343b      0x295 ./Core/Src/dma.o
 .debug_macro   0x00000000000136d0      0x126 ./Core/Src/dma.o
 .debug_macro   0x00000000000137f6      0x1ce ./Core/Src/gpio.o
 .debug_macro   0x00000000000139c4      0x2c3 ./Core/Src/main.o
 .debug_macro   0x0000000000013c87       0x61 ./Core/Src/main.o
 .debug_macro   0x0000000000013ce8       0x2a ./Core/Src/main.o
 .debug_macro   0x0000000000013d12       0x43 ./Core/Src/main.o
 .debug_macro   0x0000000000013d55       0x34 ./Core/Src/main.o
 .debug_macro   0x0000000000013d89       0x16 ./Core/Src/main.o
 .debug_macro   0x0000000000013d9f       0x43 ./Core/Src/main.o
 .debug_macro   0x0000000000013de2       0x34 ./Core/Src/main.o
 .debug_macro   0x0000000000013e16       0x10 ./Core/Src/main.o
 .debug_macro   0x0000000000013e26       0x58 ./Core/Src/main.o
 .debug_macro   0x0000000000013e7e       0x8e ./Core/Src/main.o
 .debug_macro   0x0000000000013f0c       0x1c ./Core/Src/main.o
 .debug_macro   0x0000000000013f28      0x177 ./Core/Src/main.o
 .debug_macro   0x000000000001409f      0x369 ./Core/Src/main.o
 .debug_macro   0x0000000000014408       0x10 ./Core/Src/main.o
 .debug_macro   0x0000000000014418       0x35 ./Core/Src/main.o
 .debug_macro   0x000000000001444d       0x20 ./Core/Src/main.o
 .debug_macro   0x000000000001446d       0x3a ./Core/Src/main.o
 .debug_macro   0x00000000000144a7      0x1c4 ./Core/Src/stm32f4xx_hal_msp.o
 .debug_macro   0x000000000001466b      0x1ce ./Core/Src/stm32f4xx_it.o
 .debug_macro   0x0000000000014839      0x1ba ./Core/Src/system_stm32f4xx.o
 .debug_macro   0x00000000000149f3      0x1ce ./Core/Src/usart.o
 .debug_macro   0x0000000000014bc1      0x2b5 ./Core/Usr/lora.o
 .debug_macro   0x0000000000014e76      0x21a ./Drivers/STM32F4xx_HAL_Driver/Src/stm32f4xx_hal.o
 .debug_macro   0x0000000000015090      0x1ba ./Drivers/STM32F4xx_HAL_Driver/Src/stm32f4xx_hal_cortex.o
 .debug_macro   0x000000000001524a      0x1c0 ./Drivers/STM32F4xx_HAL_Driver/Src/stm32f4xx_hal_dma.o
 .debug_macro   0x000000000001540a      0x1c0 ./Drivers/STM32F4xx_HAL_Driver/Src/stm32f4xx_hal_gpio.o
 .debug_macro   0x00000000000155ca      0x1de ./Drivers/STM32F4xx_HAL_Driver/Src/stm32f4xx_hal_rcc.o
 .debug_macro   0x00000000000157a8      0x1bb ./Drivers/STM32F4xx_HAL_Driver/Src/stm32f4xx_hal_uart.o

.debug_line     0x0000000000000000     0xa18f
 .debug_line    0x0000000000000000      0x658 ./Core/Src/dma.o
 .debug_line    0x0000000000000658      0x681 ./Core/Src/gpio.o
 .debug_line    0x0000000000000cd9      0x8b5 ./Core/Src/main.o
 .debug_line    0x000000000000158e      0x65b ./Core/Src/stm32f4xx_hal_msp.o
 .debug_line    0x0000000000001be9      0x765 ./Core/Src/stm32f4xx_it.o
 .debug_line    0x000000000000234e      0x6dc ./Core/Src/system_stm32f4xx.o
 .debug_line    0x0000000000002a2a      0x715 ./Core/Src/usart.o
 .debug_line    0x000000000000313f       0x7a ./Core/Startup/startup_stm32f401ccux.o
 .debug_line    0x00000000000031b9      0xae6 ./Core/Usr/lora.o
 .debug_line    0x0000000000003c9f      0x942 ./Drivers/STM32F4xx_HAL_Driver/Src/stm32f4xx_hal.o
 .debug_line    0x00000000000045e1      0xbf1 ./Drivers/STM32F4xx_HAL_Driver/Src/stm32f4xx_hal_cortex.o
 .debug_line    0x00000000000051d2      0xea6 ./Drivers/STM32F4xx_HAL_Driver/Src/stm32f4xx_hal_dma.o
 .debug_line    0x0000000000006078      0xa7a ./Drivers/STM32F4xx_HAL_Driver/Src/stm32f4xx_hal_gpio.o
 .debug_line    0x0000000000006af2      0xcb9 ./Drivers/STM32F4xx_HAL_Driver/Src/stm32f4xx_hal_rcc.o
 .debug_line    0x00000000000077ab     0x29e4 ./Drivers/STM32F4xx_HAL_Driver/Src/stm32f4xx_hal_uart.o

.debug_str      0x0000000000000000    0x84351
 .debug_str     0x0000000000000000    0x7ef4f ./Core/Src/dma.o
                                      0x7f1cf (size before relaxing)
 .debug_str     0x000000000007ef4f       0xe9 ./Core/Src/gpio.o
                                      0x7eedf (size before relaxing)
 .debug_str     0x000000000007f038     0x3835 ./Core/Src/main.o
                                      0x826d2 (size before relaxing)
 .debug_str     0x000000000008286d       0x2c ./Core/Src/stm32f4xx_hal_msp.o
                                      0x7ee14 (size before relaxing)
 .debug_str     0x0000000000082899      0x150 ./Core/Src/stm32f4xx_it.o
                                      0x7f271 (size before relaxing)
 .debug_str     0x00000000000829e9       0xdb ./Core/Src/system_stm32f4xx.o
                                      0x7eec4 (size before relaxing)
 .debug_str     0x0000000000082ac4       0x91 ./Core/Src/usart.o
                                      0x7f780 (size before relaxing)
 .debug_str     0x0000000000082b55       0x34 ./Core/Startup/startup_stm32f401ccux.o
                                         0x72 (size before relaxing)
 .debug_str     0x0000000000082b89      0x2c9 ./Core/Usr/lora.o
                                      0x8271b (size before relaxing)
 .debug_str     0x0000000000082e52      0x601 ./Drivers/STM32F4xx_HAL_Driver/Src/stm32f4xx_hal.o
                                      0x7f8e6 (size before relaxing)
 .debug_str     0x0000000000083453      0x32d ./Drivers/STM32F4xx_HAL_Driver/Src/stm32f4xx_hal_cortex.o
                                      0x7f607 (size before relaxing)
 .debug_str     0x0000000000083780      0x2f1 ./Drivers/STM32F4xx_HAL_Driver/Src/stm32f4xx_hal_dma.o
                                      0x7f2cc (size before relaxing)
 .debug_str     0x0000000000083a71      0x110 ./Drivers/STM32F4xx_HAL_Driver/Src/stm32f4xx_hal_gpio.o
                                      0x7f03f (size before relaxing)
 .debug_str     0x0000000000083b81      0x233 ./Drivers/STM32F4xx_HAL_Driver/Src/stm32f4xx_hal_rcc.o
                                      0x7f2f8 (size before relaxing)
 .debug_str     0x0000000000083db4      0x59d ./Drivers/STM32F4xx_HAL_Driver/Src/stm32f4xx_hal_uart.o
                                      0x7f885 (size before relaxing)

.debug_frame    0x0000000000000000     0x1d14
 .debug_frame   0x0000000000000000       0x34 ./Core/Src/dma.o
 .debug_frame   0x0000000000000034       0x34 ./Core/Src/gpio.o
 .debug_frame   0x0000000000000068       0x8c ./Core/Src/main.o
 .debug_frame   0x00000000000000f4       0x38 ./Core/Src/stm32f4xx_hal_msp.o
 .debug_frame   0x000000000000012c      0x158 ./Core/Src/stm32f4xx_it.o
 .debug_frame   0x0000000000000284       0x58 ./Core/Src/system_stm32f4xx.o
 .debug_frame   0x00000000000002dc       0x74 ./Core/Src/usart.o
 .debug_frame   0x0000000000000350      0x250 ./Core/Usr/lora.o
 .debug_frame   0x00000000000005a0      0x374 ./Drivers/STM32F4xx_HAL_Driver/Src/stm32f4xx_hal.o
 .debug_frame   0x0000000000000914      0x498 ./Drivers/STM32F4xx_HAL_Driver/Src/stm32f4xx_hal_cortex.o
 .debug_frame   0x0000000000000dac      0x250 ./Drivers/STM32F4xx_HAL_Driver/Src/stm32f4xx_hal_dma.o
 .debug_frame   0x0000000000000ffc      0x14c ./Drivers/STM32F4xx_HAL_Driver/Src/stm32f4xx_hal_gpio.o
 .debug_frame   0x0000000000001148      0x1f4 ./Drivers/STM32F4xx_HAL_Driver/Src/stm32f4xx_hal_rcc.o
 .debug_frame   0x000000000000133c      0x92c ./Drivers/STM32F4xx_HAL_Driver/Src/stm32f4xx_hal_uart.o
 .debug_frame   0x0000000000001c68       0x20 /opt/st/stm32cubeide_1.13.0/plugins/com.st.stm32cube.ide.mcu.externaltools.gnu-tools-for-stm32.11.3.rel1.linux64_1.1.0.202305231506/tools/bin/../lib/gcc/arm-none-eabi/11.3.1/../../../../arm-none-eabi/lib/thumb/v7e-m+fp/hard/libc_nano.a(libc_a-memset.o)
 .debug_frame   0x0000000000001c88       0x2c /opt/st/stm32cubeide_1.13.0/plugins/com.st.stm32cube.ide.mcu.externaltools.gnu-tools-for-stm32.11.3.rel1.linux64_1.1.0.202305231506/tools/bin/../lib/gcc/arm-none-eabi/11.3.1/../../../../arm-none-eabi/lib/thumb/v7e-m+fp/hard/libc_nano.a(libc_a-init.o)
 .debug_frame   0x0000000000001cb4       0x2c /opt/st/stm32cubeide_1.13.0/plugins/com.st.stm32cube.ide.mcu.externaltools.gnu-tools-for-stm32.11.3.rel1.linux64_1.1.0.202305231506/tools/bin/../lib/gcc/arm-none-eabi/11.3.1/thumb/v7e-m+fp/hard/libgcc.a(_aeabi_uldivmod.o)
 .debug_frame   0x0000000000001ce0       0x34 /opt/st/stm32cubeide_1.13.0/plugins/com.st.stm32cube.ide.mcu.externaltools.gnu-tools-for-stm32.11.3.rel1.linux64_1.1.0.202305231506/tools/bin/../lib/gcc/arm-none-eabi/11.3.1/thumb/v7e-m+fp/hard/libgcc.a(_udivmoddi4.o)

.debug_line_str
                0x0000000000000000       0x66
 .debug_line_str
                0x0000000000000000       0x66 ./Core/Startup/startup_stm32f401ccux.o
                                         0x7e (size before relaxing)
